package testpkg

func fn1() {
	a := 1

	b := 2 // want `missing whitespace above this line \(too many statements above for\)`
	for i := 0; i < b; i++ {
		panic(1)
	}

	_ = a
	_ = b
}

func fn2() {
	b := 2
	a := 1

	for i := 0; i < b; i++ { // want `missing whitespace above this line \(no shared variables above for\)`
		panic(1)
	}

	_ = a
	_ = b
}

func fn3() {
	for i := 0; i < 1; i++ {
		panic("")
	}

	for i := 0; i < 1; i++ { // want `missing whitespace above this line \(invalid statement above for\)`
		panic("")
	}
}
