package testpkg

import "errors"

func fn1() {
	a := 1

	b := 2 // want `missing whitespace decreases readability \(if\)`
	if b == 2 {
		panic(1)
	}

	_ = a
	_ = b
}

func fn2() {
	b := 2
	a := 1

	if b == 2 { // want `missing whitespace decreases readability \(if\)`
		panic(1)
	}

	_ = a
	_ = b
}

func fn3() {
	err := errors.New("error")

	if err != nil {
		panic(err)
	}
}

func fn4() {
	if a := 1; a != 2 {
		panic(a)
	}

	if a := 2; a != 2 { // want `missing whitespace decreases readability \(if\)`
		panic(a)
	}
}

func fn5(m any, k string) string {
	v := m.(map[string]string)
	if r, ok := m[k]; ok {
		return r
	}

	return k
}
