package testpkg

import (
	"errors"
	"fmt"
)

func fn1() {
	err := errors.New("x") // want +1 `unnecessary whitespace \(err\)`
	if err != nil {
		panic(err)
	}

	err2 := errors.New("y") // want +1 `unnecessary whitespace \(err\)`
	if err2 == nil {
		panic(err)
	}
}

func fn11() { // want +2 `unnecessary whitespace \(err\)`
	err := errors.New("x")
	if err != nil {
		panic(err)
	}
}

func fn12() {
	err := errors.New("x")
	// Some comment
	if err != nil {
		panic(err)
	}
}

func fn13() {
	err := errors.New("x")

	// Some comment
	if err != nil {
		panic(err)
	}
}

func fn2() {
	a := 1

	err := errors.New("x") // want +1 `unnecessary whitespace \(err\)`
	if err != nil {
		panic(err)
	}

	_ = a
}

func fn21() {
	a := 1 // want +2 `unnecessary whitespace \(err\)`

	err := errors.New("x")
	if err != nil {
		panic(err)
	}

	_ = a
}

func fn3() {
	a := 1

	err := errors.New("x") // want `missing whitespace above this line \(too many statements above if\)`
	if err != nil {
		panic(err)
	}

	_ = a
}

func fn4() {
	msg := "not an error"
	err := &msg

	if err != nil {
		panic(err)
	}
}

func fn5() {
	err := errors.New("x") // want +1 `unnecessary whitespace \(err\)`
	if err != nil {
		panic(err)
	}

	if false {
		_ = 1
	}
}

func fn6() {
	err := errors.New("x")

	if false {
		panic(err)
	}
}

func fn7() {
	err, ok := errors.New("x"), true

	if !ok {
		panic(err)
	}
}

func fn8() {
	aErr := errors.New("a")
	bErr := errors.New("b")

	if aErr != nil && bErr != nil {
		panic(aErr)
	}
}

func fn9() {
	err := errors.New("x")

LABEL:
	if err != nil {
		panic(err)
	}
}

func aFunctionThatCanFail() error {
	return nil
}

func fn10() error {
	withContext := func(err error) error {
		return fmt.Errorf("some error, %w", err)
	}

	if err := aFunctionThatCanFail(); err != nil {
		return withContext(err)
	}

	return nil
}

func fn11() error {
	err := fmt.Errorf("some error, %w", err)

	if err := aFunctionThatCanFail(); err != nil {
		return err
	}

	return nil
}

func fn12(err error) error {
	withContext := func(err error) error {
		return fmt.Errorf("some error, %w", err)
	}

	if err != nil {
		return withContext(err)
	}

	return nil
}

func fn13() error {
	err := func(err error) error {
		return fmt.Errorf("some error, %w", err)
	}

	if err != nil {
		return err
	}

	return nil
}

func fn14(err error) error {
	var withContext = func(err error) error {
		return fmt.Errorf("some error, %w", err)
	}

	if err != nil {
		return withContext(err)
	}

	return nil
}

func fn15(err error) error {
	withContext := func(err error) error {
		return fmt.Errorf("some error, %w", err)
	}(nil) // want +1 `unnecessary whitespace \(err\)`
	if withContext != nil {
		return withContext(err)
	}

	return nil
}

func fn16(err error) error {
	var notErr = fmt.Errorf("some error, %w", err)

	if err != nil {
		return notErr
	}

	return nil
}

