package testpkg

func fn1() {
	one := 1

	two := 2 // want "missing whitespace decreases readability"
	for i := 0; i < two; i++ {
		panic(err)
	}
}

func fn2() {
	two := 2
	one := 1

	for i := 0; i < two; i++ { // want "missing whitespace decreases readability"
		panic(err)
	}
}

func fn3() {
	for i := 0; i < 1; i++ {
		panic(err)
	}

	for i := 0; i < 1; i++ { // want "missing whitespace decreases readability"
		panic(err)
	}
}

