package testpkg

func fn1() {
	a := 1

	b := 2 // want `missing whitespace above this line \(too many statements above switch\)`
	switch b {
	case 1:
	case 2:
	case 3:
		panic(a)
	}
}

func fn2() {
	b := 2
	a := 1

	switch b { // want `missing whitespace above this line \(no shared variables above switch\)`
	case 1:
	case 2:
	case 3:
		panic(a)
	}
}

func fn3() {
	switch true {
	case true:
	case false:
	}

	switch true { // want `missing whitespace above this line \(invalid statement above switch\)`
	case true:
	case false:
		panic("")
	}
}

