package testpkg

import "errors"

func fn1() {
	err := errors.New("x")
	if err != nil { // want "unnecessary whitespace decreases readability"
		panic(err)
	}
}

func fn2() {
	one := 1

	err := errors.New("x")
	if err != nil { // want "unnecessary whitespace decreases readability"
		panic(err)
	}
}

func fn3() {
	one := 1

	err := errors.New("x") // want "missing whitespace decreases readability"
	if err != nil {
		panic(err)
	}
}

func fn4() {
	err := "not an error"

	if err != nil {
		panic(err)
	}
}
